// Jest Snapshot v1, https://goo.gl/fbAQLP

exports[`CaseStatus Components if renders correctly 1`] = `
ShallowWrapper {
  Symbol(enzyme.__root__): [Circular],
  Symbol(enzyme.__unrendered__): <BrowserRouter>
    <CaseStatus
      location={
        Object {
          "pathname": "/case-status/",
          "state": Object {
            "details": Object {
              "action": "Register",
              "icon": "fa fa-check",
              "id": 12,
              "status": "Pending",
            },
          },
        }
      }
    />
  </BrowserRouter>,
  Symbol(enzyme.__renderer__): Object {
    "batchedUpdates": [Function],
    "getNode": [Function],
    "render": [Function],
    "simulateError": [Function],
    "simulateEvent": [Function],
    "unmount": [Function],
  },
  Symbol(enzyme.__node__): Object {
    "instance": null,
    "key": undefined,
    "nodeType": "class",
    "props": Object {
      "children": <CaseStatus
        location={
          Object {
            "pathname": "/case-status/",
            "state": Object {
              "details": Object {
                "action": "Register",
                "icon": "fa fa-check",
                "id": 12,
                "status": "Pending",
              },
            },
          }
        }
      />,
      "history": Object {
        "action": "POP",
        "block": [Function],
        "createHref": [Function],
        "go": [Function],
        "goBack": [Function],
        "goForward": [Function],
        "length": 1,
        "listen": [Function],
        "location": Object {
          "hash": "",
          "pathname": "/",
          "search": "",
          "state": undefined,
        },
        "push": [Function],
        "replace": [Function],
      },
    },
    "ref": null,
    "rendered": Object {
      "instance": null,
      "key": undefined,
      "nodeType": "function",
      "props": Object {
        "location": Object {
          "pathname": "/case-status/",
          "state": Object {
            "details": Object {
              "action": "Register",
              "icon": "fa fa-check",
              "id": 12,
              "status": "Pending",
            },
          },
        },
      },
      "ref": null,
      "rendered": null,
      "type": [Function],
    },
    "type": [Function],
  },
  Symbol(enzyme.__nodes__): Array [
    Object {
      "instance": null,
      "key": undefined,
      "nodeType": "class",
      "props": Object {
        "children": <CaseStatus
          location={
            Object {
              "pathname": "/case-status/",
              "state": Object {
                "details": Object {
                  "action": "Register",
                  "icon": "fa fa-check",
                  "id": 12,
                  "status": "Pending",
                },
              },
            }
          }
        />,
        "history": Object {
          "action": "POP",
          "block": [Function],
          "createHref": [Function],
          "go": [Function],
          "goBack": [Function],
          "goForward": [Function],
          "length": 1,
          "listen": [Function],
          "location": Object {
            "hash": "",
            "pathname": "/",
            "search": "",
            "state": undefined,
          },
          "push": [Function],
          "replace": [Function],
        },
      },
      "ref": null,
      "rendered": Object {
        "instance": null,
        "key": undefined,
        "nodeType": "function",
        "props": Object {
          "location": Object {
            "pathname": "/case-status/",
            "state": Object {
              "details": Object {
                "action": "Register",
                "icon": "fa fa-check",
                "id": 12,
                "status": "Pending",
              },
            },
          },
        },
        "ref": null,
        "rendered": null,
        "type": [Function],
      },
      "type": [Function],
    },
  ],
  Symbol(enzyme.__options__): Object {
    "adapter": ReactSixteenAdapter {
      "options": Object {
        "enableComponentDidUpdateOnSetState": true,
        "lifecycles": Object {
          "componentDidUpdate": Object {
            "onSetState": true,
          },
          "getDerivedStateFromProps": true,
          "getSnapshotBeforeUpdate": true,
          "setState": Object {
            "skipsComponentDidUpdateOnNullish": true,
          },
        },
      },
    },
  },
}
`;
