// Jest Snapshot v1, https://goo.gl/fbAQLP

exports[`DataTableInfo if renders correctly 1`] = `
ShallowWrapper {
  Symbol(enzyme.__root__): [Circular],
  Symbol(enzyme.__unrendered__): <DataTableInfo
    itemType="Cases"
    limit={10}
    start={1}
    total={100}
  />,
  Symbol(enzyme.__renderer__): Object {
    "batchedUpdates": [Function],
    "getNode": [Function],
    "render": [Function],
    "simulateError": [Function],
    "simulateEvent": [Function],
    "unmount": [Function],
  },
  Symbol(enzyme.__node__): Object {
    "instance": null,
    "key": undefined,
    "nodeType": "host",
    "props": Object {
      "children": Array [
        "Showing ",
        <span>
          1
           to 
          10
        </span>,
        " of ",
        <span>
          100
        </span>,
        " ",
        "Cases",
      ],
      "className": "page-result",
    },
    "ref": null,
    "rendered": Array [
      "Showing ",
      Object {
        "instance": null,
        "key": undefined,
        "nodeType": "host",
        "props": Object {
          "children": Array [
            1,
            " to ",
            10,
          ],
        },
        "ref": null,
        "rendered": Array [
          1,
          " to ",
          10,
        ],
        "type": "span",
      },
      " of ",
      Object {
        "instance": null,
        "key": undefined,
        "nodeType": "host",
        "props": Object {
          "children": 100,
        },
        "ref": null,
        "rendered": 100,
        "type": "span",
      },
      " ",
      "Cases",
    ],
    "type": "p",
  },
  Symbol(enzyme.__nodes__): Array [
    Object {
      "instance": null,
      "key": undefined,
      "nodeType": "host",
      "props": Object {
        "children": Array [
          "Showing ",
          <span>
            1
             to 
            10
          </span>,
          " of ",
          <span>
            100
          </span>,
          " ",
          "Cases",
        ],
        "className": "page-result",
      },
      "ref": null,
      "rendered": Array [
        "Showing ",
        Object {
          "instance": null,
          "key": undefined,
          "nodeType": "host",
          "props": Object {
            "children": Array [
              1,
              " to ",
              10,
            ],
          },
          "ref": null,
          "rendered": Array [
            1,
            " to ",
            10,
          ],
          "type": "span",
        },
        " of ",
        Object {
          "instance": null,
          "key": undefined,
          "nodeType": "host",
          "props": Object {
            "children": 100,
          },
          "ref": null,
          "rendered": 100,
          "type": "span",
        },
        " ",
        "Cases",
      ],
      "type": "p",
    },
  ],
  Symbol(enzyme.__options__): Object {
    "adapter": ReactSixteenAdapter {
      "options": Object {
        "enableComponentDidUpdateOnSetState": true,
        "lifecycles": Object {
          "componentDidUpdate": Object {
            "onSetState": true,
          },
          "getDerivedStateFromProps": true,
          "getSnapshotBeforeUpdate": true,
          "setState": Object {
            "skipsComponentDidUpdateOnNullish": true,
          },
        },
      },
    },
  },
}
`;
