// Jest Snapshot v1, https://goo.gl/fbAQLP

exports[`UpdateCase component if renders correctly 1`] = `
ShallowWrapper {
  Symbol(enzyme.__root__): [Circular],
  Symbol(enzyme.__unrendered__): <Translate(UpdateCase)
    match={
      Object {
        "params": Object {
          "tracking_id": "IUJ34ET5",
        },
      }
    }
  />,
  Symbol(enzyme.__renderer__): Object {
    "batchedUpdates": [Function],
    "checkPropTypes": [Function],
    "getNode": [Function],
    "render": [Function],
    "simulateError": [Function],
    "simulateEvent": [Function],
    "unmount": [Function],
  },
  Symbol(enzyme.__node__): Object {
    "instance": null,
    "key": undefined,
    "nodeType": "class",
    "props": Object {
      "bindI18n": "languageChanged loaded",
      "bindStore": "added removed",
      "children": [Function],
      "i18n": undefined,
      "match": Object {
        "params": Object {
          "tracking_id": "IUJ34ET5",
        },
      },
      "ns": Array [
        "translations",
      ],
      "nsMode": "default",
      "omitBoundRerender": true,
      "translateFuncName": "t",
      "usePureComponent": false,
      "wait": false,
      "withRef": false,
    },
    "ref": null,
    "rendered": [Function],
    "type": [Function],
  },
  Symbol(enzyme.__nodes__): Array [
    Object {
      "instance": null,
      "key": undefined,
      "nodeType": "class",
      "props": Object {
        "bindI18n": "languageChanged loaded",
        "bindStore": "added removed",
        "children": [Function],
        "i18n": undefined,
        "match": Object {
          "params": Object {
            "tracking_id": "IUJ34ET5",
          },
        },
        "ns": Array [
          "translations",
        ],
        "nsMode": "default",
        "omitBoundRerender": true,
        "translateFuncName": "t",
        "usePureComponent": false,
        "wait": false,
        "withRef": false,
      },
      "ref": null,
      "rendered": [Function],
      "type": [Function],
    },
  ],
  Symbol(enzyme.__options__): Object {
    "adapter": ReactSixteenAdapter {
      "options": Object {
        "enableComponentDidUpdateOnSetState": true,
        "legacyContextMode": "parent",
        "lifecycles": Object {
          "componentDidUpdate": Object {
            "onSetState": true,
          },
          "getChildContext": Object {
            "calledByRenderer": false,
          },
          "getDerivedStateFromProps": true,
          "getSnapshotBeforeUpdate": true,
          "setState": Object {
            "skipsComponentDidUpdateOnNullish": true,
          },
        },
      },
    },
  },
  Symbol(enzyme.__childContext__): null,
}
`;
